mode: set
github.com/ikshavaku/catalogue/store/postgres/db.go:20.28,22.2 1 0
github.com/ikshavaku/catalogue/store/postgres/db.go:28.46,32.2 1 0
github.com/ikshavaku/catalogue/store/postgres/mappers.go:9.44,18.2 1 0
github.com/ikshavaku/catalogue/store/postgres/mappers.go:20.58,28.2 1 0
github.com/ikshavaku/catalogue/store/postgres/provider.go:12.63,14.16 2 0
github.com/ikshavaku/catalogue/store/postgres/provider.go:14.16,17.13 1 0
github.com/ikshavaku/catalogue/store/postgres/provider.go:19.2,19.13 1 0
github.com/ikshavaku/catalogue/store/postgres/provider.go:22.66,24.2 1 0
github.com/ikshavaku/catalogue/store/postgres/provider.go:29.51,31.2 1 0
github.com/ikshavaku/catalogue/store/postgres/provider.go:33.64,35.2 1 0
github.com/ikshavaku/catalogue/store/postgres/query.sql.go:21.93,26.2 4 0
github.com/ikshavaku/catalogue/store/postgres/query.sql.go:37.82,49.2 4 0
github.com/ikshavaku/catalogue/store/postgres/query.sql.go:60.114,62.16 2 0
github.com/ikshavaku/catalogue/store/postgres/query.sql.go:62.16,64.3 1 0
github.com/ikshavaku/catalogue/store/postgres/query.sql.go:65.2,67.18 3 0
github.com/ikshavaku/catalogue/store/postgres/query.sql.go:67.18,75.17 2 0
github.com/ikshavaku/catalogue/store/postgres/query.sql.go:75.17,77.4 1 0
github.com/ikshavaku/catalogue/store/postgres/query.sql.go:78.3,78.27 1 0
github.com/ikshavaku/catalogue/store/postgres/query.sql.go:80.2,80.35 1 0
github.com/ikshavaku/catalogue/store/postgres/query.sql.go:80.35,82.3 1 0
github.com/ikshavaku/catalogue/store/postgres/query.sql.go:83.2,83.19 1 0
github.com/ikshavaku/catalogue/store/postgres/query.sql.go:107.96,109.16 2 0
github.com/ikshavaku/catalogue/store/postgres/query.sql.go:109.16,111.3 1 0
github.com/ikshavaku/catalogue/store/postgres/query.sql.go:112.2,114.18 3 0
github.com/ikshavaku/catalogue/store/postgres/query.sql.go:114.18,123.17 2 0
github.com/ikshavaku/catalogue/store/postgres/query.sql.go:123.17,125.4 1 0
github.com/ikshavaku/catalogue/store/postgres/query.sql.go:126.3,126.27 1 0
github.com/ikshavaku/catalogue/store/postgres/query.sql.go:128.2,128.35 1 0
github.com/ikshavaku/catalogue/store/postgres/query.sql.go:128.35,130.3 1 0
github.com/ikshavaku/catalogue/store/postgres/query.sql.go:131.2,131.19 1 0
github.com/ikshavaku/catalogue/store/postgres/query.sql.go:138.60,143.2 4 0
github.com/ikshavaku/catalogue/store/postgres/repositories/provider.go:5.73,9.2 1 0
github.com/ikshavaku/catalogue/store/postgres/repositories/service_repository.go:35.148,38.24 2 0
github.com/ikshavaku/catalogue/store/postgres/repositories/service_repository.go:38.24,40.3 1 0
github.com/ikshavaku/catalogue/store/postgres/repositories/service_repository.go:41.2,46.16 3 0
github.com/ikshavaku/catalogue/store/postgres/repositories/service_repository.go:46.16,48.3 1 0
github.com/ikshavaku/catalogue/store/postgres/repositories/service_repository.go:49.2,52.14 3 0
github.com/ikshavaku/catalogue/store/postgres/repositories/service_repository.go:52.14,54.3 1 0
github.com/ikshavaku/catalogue/store/postgres/repositories/service_repository.go:55.2,65.16 5 0
github.com/ikshavaku/catalogue/store/postgres/repositories/service_repository.go:65.16,67.3 1 0
github.com/ikshavaku/catalogue/store/postgres/repositories/service_repository.go:68.2,69.25 2 0
github.com/ikshavaku/catalogue/store/postgres/repositories/service_repository.go:69.25,71.3 1 0
github.com/ikshavaku/catalogue/store/postgres/repositories/service_repository.go:72.2,79.8 2 0
github.com/ikshavaku/catalogue/store/postgres/repositories/service_repository.go:82.127,84.16 2 0
github.com/ikshavaku/catalogue/store/postgres/repositories/service_repository.go:84.16,87.3 2 0
github.com/ikshavaku/catalogue/store/postgres/repositories/service_repository.go:88.2,89.16 2 0
github.com/ikshavaku/catalogue/store/postgres/repositories/service_repository.go:89.16,91.3 1 0
github.com/ikshavaku/catalogue/store/postgres/repositories/service_repository.go:92.2,92.25 1 0
github.com/ikshavaku/catalogue/store/postgres/repositories/service_repository.go:95.157,97.16 2 0
github.com/ikshavaku/catalogue/store/postgres/repositories/service_repository.go:97.16,100.3 2 0
github.com/ikshavaku/catalogue/store/postgres/repositories/service_repository.go:101.2,102.16 2 0
github.com/ikshavaku/catalogue/store/postgres/repositories/service_repository.go:102.16,104.3 1 0
github.com/ikshavaku/catalogue/store/postgres/repositories/service_repository.go:105.2,106.24 2 0
github.com/ikshavaku/catalogue/store/postgres/repositories/service_repository.go:106.24,108.3 1 0
github.com/ikshavaku/catalogue/store/postgres/repositories/service_repository.go:109.2,109.18 1 0
github.com/ikshavaku/catalogue/api/service/controller.go:16.64,18.56 2 0
github.com/ikshavaku/catalogue/api/service/controller.go:18.56,22.3 3 0
github.com/ikshavaku/catalogue/api/service/controller.go:23.2,24.16 2 0
github.com/ikshavaku/catalogue/api/service/controller.go:24.16,28.3 3 0
github.com/ikshavaku/catalogue/api/service/controller.go:29.2,31.32 3 0
github.com/ikshavaku/catalogue/api/service/controller.go:31.32,39.3 1 0
github.com/ikshavaku/catalogue/api/service/controller.go:40.2,44.33 5 0
github.com/ikshavaku/catalogue/api/service/controller.go:46.63,48.56 2 0
github.com/ikshavaku/catalogue/api/service/controller.go:48.56,52.3 3 0
github.com/ikshavaku/catalogue/api/service/controller.go:53.2,54.16 2 0
github.com/ikshavaku/catalogue/api/service/controller.go:54.16,58.3 3 0
github.com/ikshavaku/catalogue/api/service/controller.go:59.2,67.4 1 0
github.com/ikshavaku/catalogue/api/service/controller.go:70.68,72.56 2 0
github.com/ikshavaku/catalogue/api/service/controller.go:72.56,76.3 3 0
github.com/ikshavaku/catalogue/api/service/controller.go:77.2,78.16 2 0
github.com/ikshavaku/catalogue/api/service/controller.go:78.16,82.3 3 0
github.com/ikshavaku/catalogue/api/service/controller.go:83.2,84.32 2 0
github.com/ikshavaku/catalogue/api/service/controller.go:84.32,91.3 1 0
github.com/ikshavaku/catalogue/api/service/controller.go:92.2,95.4 1 0
github.com/ikshavaku/catalogue/api/service/provider.go:5.98,9.2 1 0
github.com/ikshavaku/catalogue/api/service/request.go:11.73,15.2 1 0
github.com/ikshavaku/catalogue/api/service/request.go:21.105,25.2 1 0
github.com/ikshavaku/catalogue/api/service/request.go:33.69,40.21 2 0
github.com/ikshavaku/catalogue/api/service/request.go:40.21,42.3 1 0
github.com/ikshavaku/catalogue/api/service/request.go:44.2,44.42 1 0
github.com/ikshavaku/catalogue/api/service/request.go:44.42,46.3 1 0
github.com/ikshavaku/catalogue/api/service/request.go:47.2,47.15 1 0
github.com/ikshavaku/catalogue/api/service/routes.go:7.72,11.2 3 0
github.com/ikshavaku/catalogue/api/provider.go:12.15,18.2 3 0
github.com/ikshavaku/catalogue/api/provider.go:20.78,21.34 1 0
github.com/ikshavaku/catalogue/api/provider.go:21.34,24.3 2 0
github.com/ikshavaku/catalogue/api/provider.go:27.61,28.28 1 0
github.com/ikshavaku/catalogue/api/provider.go:28.28,30.3 1 0
github.com/ikshavaku/catalogue/cmd/app/main.go:14.13,19.16 3 0
github.com/ikshavaku/catalogue/cmd/app/main.go:19.16,21.13 2 0
github.com/ikshavaku/catalogue/cmd/app/main.go:23.2,32.27 6 0
github.com/ikshavaku/catalogue/cmd/app/main.go:35.30,40.2 2 0
github.com/ikshavaku/catalogue/cmd/app/main.go:42.87,44.12 2 0
github.com/ikshavaku/catalogue/cmd/app/main.go:44.12,46.17 2 0
github.com/ikshavaku/catalogue/cmd/app/main.go:46.17,47.14 1 0
github.com/ikshavaku/catalogue/cmd/app/main.go:49.3,50.11 2 0
github.com/ikshavaku/catalogue/cmd/app/wire_gen.go:19.59,28.2 8 0
github.com/ikshavaku/catalogue/tests/helpers.go:13.42,17.2 3 0
github.com/ikshavaku/catalogue/tests/helpers.go:19.101,22.26 3 0
github.com/ikshavaku/catalogue/tests/helpers.go:23.14,24.18 1 0
github.com/ikshavaku/catalogue/tests/helpers.go:25.14,26.26 1 0
github.com/ikshavaku/catalogue/tests/helpers.go:27.10,28.40 1 0
github.com/ikshavaku/catalogue/tests/helpers.go:31.2,31.16 1 0
github.com/ikshavaku/catalogue/tests/helpers.go:31.16,33.3 1 0
github.com/ikshavaku/catalogue/tests/helpers.go:34.2,35.16 2 0
github.com/ikshavaku/catalogue/tests/helpers.go:35.16,37.3 1 0
github.com/ikshavaku/catalogue/tests/helpers.go:38.2,39.32 2 0
github.com/ikshavaku/catalogue/tests/helpers.go:39.32,41.3 1 0
github.com/ikshavaku/catalogue/tests/helpers.go:42.2,42.21 1 0
github.com/ikshavaku/catalogue/tests/helpers.go:45.57,47.2 1 0
github.com/ikshavaku/catalogue/service/provider.go:5.77,9.2 1 0
github.com/ikshavaku/catalogue/service/schemas.go:24.72,28.2 1 0
github.com/ikshavaku/catalogue/service/schemas.go:34.104,38.2 1 0
github.com/ikshavaku/catalogue/service/schemas.go:65.68,73.2 1 0
github.com/ikshavaku/catalogue/service/service.go:13.50,21.2 1 0
github.com/ikshavaku/catalogue/service/service.go:23.71,31.2 1 0
github.com/ikshavaku/catalogue/service/service.go:33.116,35.16 2 0
github.com/ikshavaku/catalogue/service/service.go:35.16,37.3 1 0
github.com/ikshavaku/catalogue/service/service.go:38.2,39.29 2 0
github.com/ikshavaku/catalogue/service/service.go:39.29,41.3 1 0
github.com/ikshavaku/catalogue/service/service.go:42.2,47.8 1 0
github.com/ikshavaku/catalogue/service/service.go:50.122,52.16 2 0
github.com/ikshavaku/catalogue/service/service.go:52.16,54.3 1 0
github.com/ikshavaku/catalogue/service/service.go:55.2,57.8 1 0
github.com/ikshavaku/catalogue/service/service.go:60.159,62.16 2 0
github.com/ikshavaku/catalogue/service/service.go:62.16,64.3 1 0
github.com/ikshavaku/catalogue/service/service.go:65.2,66.24 2 0
github.com/ikshavaku/catalogue/service/service.go:66.24,68.3 1 0
github.com/ikshavaku/catalogue/service/service.go:69.2,72.8 1 0
github.com/ikshavaku/catalogue/utils/config.go:33.25,35.23 2 0
github.com/ikshavaku/catalogue/utils/config.go:35.23,37.3 1 0
github.com/ikshavaku/catalogue/utils/config.go:38.2,38.12 1 0
github.com/ikshavaku/catalogue/utils/config.go:41.31,43.2 1 0
github.com/ikshavaku/catalogue/utils/config.go:45.61,47.2 1 0
github.com/ikshavaku/catalogue/utils/gin.go:25.27,27.2 1 0
github.com/ikshavaku/catalogue/utils/gin.go:30.79,33.2 2 0
github.com/ikshavaku/catalogue/utils/gin.go:36.96,39.2 2 0
github.com/ikshavaku/catalogue/utils/gin.go:42.98,46.2 3 0
github.com/ikshavaku/catalogue/utils/gin.go:48.82,51.2 2 0
github.com/ikshavaku/catalogue/utils/gin.go:52.81,55.2 2 0
github.com/ikshavaku/catalogue/utils/gin.go:58.51,62.33 3 0
github.com/ikshavaku/catalogue/utils/gin.go:62.33,64.3 1 0
github.com/ikshavaku/catalogue/utils/gin.go:64.8,66.3 1 0
github.com/ikshavaku/catalogue/utils/gin.go:68.2,71.30 3 0
github.com/ikshavaku/catalogue/utils/gin.go:71.30,73.3 1 0
github.com/ikshavaku/catalogue/utils/gin.go:74.2,74.15 1 0
github.com/ikshavaku/catalogue/utils/gin.go:78.70,85.2 2 0
github.com/ikshavaku/catalogue/utils/gin.go:88.44,90.2 1 0
github.com/ikshavaku/catalogue/utils/gin.go:92.29,94.2 1 0
github.com/ikshavaku/catalogue/utils/gin.go:96.87,97.30 1 0
github.com/ikshavaku/catalogue/utils/gin.go:97.30,100.3 2 0
github.com/ikshavaku/catalogue/utils/gin.go:103.45,105.2 1 0
github.com/ikshavaku/catalogue/utils/gin.go:107.62,111.46 1 0
github.com/ikshavaku/catalogue/utils/gin.go:111.46,114.3 2 0
github.com/ikshavaku/catalogue/utils/gin.go:117.2,117.45 1 0
github.com/ikshavaku/catalogue/utils/gin.go:117.45,120.3 2 0
github.com/ikshavaku/catalogue/utils/gin.go:123.2,123.43 1 0
github.com/ikshavaku/catalogue/utils/gin.go:123.43,126.3 2 0
github.com/ikshavaku/catalogue/utils/gin.go:132.2,132.79 1 0
github.com/ikshavaku/catalogue/utils/gin.go:132.79,133.59 1 0
github.com/ikshavaku/catalogue/utils/gin.go:133.59,138.4 3 0
github.com/ikshavaku/catalogue/utils/gin.go:141.2,142.53 2 0
github.com/ikshavaku/catalogue/utils/gin.go:142.53,145.3 2 0
github.com/ikshavaku/catalogue/utils/gin.go:146.2,146.12 1 0
github.com/ikshavaku/catalogue/utils/gin.go:154.48,155.26 1 0
github.com/ikshavaku/catalogue/utils/gin.go:155.26,158.3 2 0
github.com/ikshavaku/catalogue/utils/gin.go:159.2,159.25 1 0
github.com/ikshavaku/catalogue/utils/gin.go:165.64,169.27 2 0
github.com/ikshavaku/catalogue/utils/gin.go:169.27,170.47 1 0
github.com/ikshavaku/catalogue/utils/gin.go:170.47,172.4 1 0
github.com/ikshavaku/catalogue/utils/gin.go:174.2,174.19 1 0
github.com/ikshavaku/catalogue/api/provider.go:12.15,18.2 3 0
github.com/ikshavaku/catalogue/api/provider.go:20.78,21.34 1 1
github.com/ikshavaku/catalogue/api/provider.go:21.34,24.3 2 1
github.com/ikshavaku/catalogue/api/provider.go:27.61,28.28 1 1
github.com/ikshavaku/catalogue/api/provider.go:28.28,30.3 1 1
github.com/ikshavaku/catalogue/api/service/controller.go:16.64,18.56 2 1
github.com/ikshavaku/catalogue/api/service/controller.go:18.56,22.3 3 0
github.com/ikshavaku/catalogue/api/service/controller.go:23.2,24.16 2 1
github.com/ikshavaku/catalogue/api/service/controller.go:24.16,28.3 3 0
github.com/ikshavaku/catalogue/api/service/controller.go:29.2,31.32 3 1
github.com/ikshavaku/catalogue/api/service/controller.go:31.32,39.3 1 1
github.com/ikshavaku/catalogue/api/service/controller.go:40.2,44.33 5 1
github.com/ikshavaku/catalogue/api/service/controller.go:46.63,48.56 2 0
github.com/ikshavaku/catalogue/api/service/controller.go:48.56,52.3 3 0
github.com/ikshavaku/catalogue/api/service/controller.go:53.2,54.16 2 0
github.com/ikshavaku/catalogue/api/service/controller.go:54.16,58.3 3 0
github.com/ikshavaku/catalogue/api/service/controller.go:59.2,67.4 1 0
github.com/ikshavaku/catalogue/api/service/controller.go:70.68,72.56 2 0
github.com/ikshavaku/catalogue/api/service/controller.go:72.56,76.3 3 0
github.com/ikshavaku/catalogue/api/service/controller.go:77.2,78.16 2 0
github.com/ikshavaku/catalogue/api/service/controller.go:78.16,82.3 3 0
github.com/ikshavaku/catalogue/api/service/controller.go:83.2,84.32 2 0
github.com/ikshavaku/catalogue/api/service/controller.go:84.32,91.3 1 0
github.com/ikshavaku/catalogue/api/service/controller.go:92.2,95.4 1 0
github.com/ikshavaku/catalogue/api/service/provider.go:5.98,9.2 1 1
github.com/ikshavaku/catalogue/api/service/request.go:11.73,15.2 1 0
github.com/ikshavaku/catalogue/api/service/request.go:21.105,25.2 1 0
github.com/ikshavaku/catalogue/api/service/request.go:33.69,40.21 2 1
github.com/ikshavaku/catalogue/api/service/request.go:40.21,42.3 1 1
github.com/ikshavaku/catalogue/api/service/request.go:44.2,44.42 1 1
github.com/ikshavaku/catalogue/api/service/request.go:44.42,46.3 1 1
github.com/ikshavaku/catalogue/api/service/request.go:47.2,47.15 1 1
github.com/ikshavaku/catalogue/api/service/routes.go:7.72,11.2 3 1
github.com/ikshavaku/catalogue/cmd/app/main.go:14.13,19.16 3 0
github.com/ikshavaku/catalogue/cmd/app/main.go:19.16,21.13 2 0
github.com/ikshavaku/catalogue/cmd/app/main.go:23.2,32.27 6 0
github.com/ikshavaku/catalogue/cmd/app/main.go:35.30,40.2 2 0
github.com/ikshavaku/catalogue/cmd/app/main.go:42.87,44.12 2 0
github.com/ikshavaku/catalogue/cmd/app/main.go:44.12,46.17 2 0
github.com/ikshavaku/catalogue/cmd/app/main.go:46.17,47.14 1 0
github.com/ikshavaku/catalogue/cmd/app/main.go:49.3,50.11 2 0
github.com/ikshavaku/catalogue/cmd/app/wire_gen.go:19.59,28.2 8 0
github.com/ikshavaku/catalogue/service/provider.go:5.77,9.2 1 1
github.com/ikshavaku/catalogue/service/schemas.go:24.72,28.2 1 0
github.com/ikshavaku/catalogue/service/schemas.go:34.104,38.2 1 0
github.com/ikshavaku/catalogue/service/schemas.go:65.68,73.2 1 1
github.com/ikshavaku/catalogue/service/service.go:13.50,21.2 1 1
github.com/ikshavaku/catalogue/service/service.go:23.71,31.2 1 0
github.com/ikshavaku/catalogue/service/service.go:33.116,35.16 2 1
github.com/ikshavaku/catalogue/service/service.go:35.16,37.3 1 0
github.com/ikshavaku/catalogue/service/service.go:38.2,39.29 2 1
github.com/ikshavaku/catalogue/service/service.go:39.29,41.3 1 1
github.com/ikshavaku/catalogue/service/service.go:42.2,47.8 1 1
github.com/ikshavaku/catalogue/service/service.go:50.122,52.16 2 0
github.com/ikshavaku/catalogue/service/service.go:52.16,54.3 1 0
github.com/ikshavaku/catalogue/service/service.go:55.2,57.8 1 0
github.com/ikshavaku/catalogue/service/service.go:60.159,62.16 2 0
github.com/ikshavaku/catalogue/service/service.go:62.16,64.3 1 0
github.com/ikshavaku/catalogue/service/service.go:65.2,66.24 2 0
github.com/ikshavaku/catalogue/service/service.go:66.24,68.3 1 0
github.com/ikshavaku/catalogue/service/service.go:69.2,72.8 1 0
github.com/ikshavaku/catalogue/store/postgres/db.go:20.28,22.2 1 1
github.com/ikshavaku/catalogue/store/postgres/db.go:28.46,32.2 1 0
github.com/ikshavaku/catalogue/store/postgres/mappers.go:9.44,18.2 1 1
github.com/ikshavaku/catalogue/store/postgres/mappers.go:20.58,28.2 1 0
github.com/ikshavaku/catalogue/store/postgres/provider.go:12.63,14.16 2 1
github.com/ikshavaku/catalogue/store/postgres/provider.go:14.16,17.13 1 0
github.com/ikshavaku/catalogue/store/postgres/provider.go:19.2,19.13 1 1
github.com/ikshavaku/catalogue/store/postgres/provider.go:22.66,24.2 1 1
github.com/ikshavaku/catalogue/store/postgres/provider.go:29.51,31.2 1 0
github.com/ikshavaku/catalogue/store/postgres/provider.go:33.64,35.2 1 1
github.com/ikshavaku/catalogue/store/postgres/query.sql.go:21.93,26.2 4 1
github.com/ikshavaku/catalogue/store/postgres/query.sql.go:37.82,49.2 4 0
github.com/ikshavaku/catalogue/store/postgres/query.sql.go:60.114,62.16 2 0
github.com/ikshavaku/catalogue/store/postgres/query.sql.go:62.16,64.3 1 0
github.com/ikshavaku/catalogue/store/postgres/query.sql.go:65.2,67.18 3 0
github.com/ikshavaku/catalogue/store/postgres/query.sql.go:67.18,75.17 2 0
github.com/ikshavaku/catalogue/store/postgres/query.sql.go:75.17,77.4 1 0
github.com/ikshavaku/catalogue/store/postgres/query.sql.go:78.3,78.27 1 0
github.com/ikshavaku/catalogue/store/postgres/query.sql.go:80.2,80.35 1 0
github.com/ikshavaku/catalogue/store/postgres/query.sql.go:80.35,82.3 1 0
github.com/ikshavaku/catalogue/store/postgres/query.sql.go:83.2,83.19 1 0
github.com/ikshavaku/catalogue/store/postgres/query.sql.go:107.96,109.16 2 1
github.com/ikshavaku/catalogue/store/postgres/query.sql.go:109.16,111.3 1 0
github.com/ikshavaku/catalogue/store/postgres/query.sql.go:112.2,114.18 3 1
github.com/ikshavaku/catalogue/store/postgres/query.sql.go:114.18,123.17 2 1
github.com/ikshavaku/catalogue/store/postgres/query.sql.go:123.17,125.4 1 0
github.com/ikshavaku/catalogue/store/postgres/query.sql.go:126.3,126.27 1 1
github.com/ikshavaku/catalogue/store/postgres/query.sql.go:128.2,128.35 1 1
github.com/ikshavaku/catalogue/store/postgres/query.sql.go:128.35,130.3 1 0
github.com/ikshavaku/catalogue/store/postgres/query.sql.go:131.2,131.19 1 1
github.com/ikshavaku/catalogue/store/postgres/query.sql.go:138.60,143.2 4 0
github.com/ikshavaku/catalogue/store/postgres/repositories/provider.go:5.73,9.2 1 1
github.com/ikshavaku/catalogue/store/postgres/repositories/service_repository.go:35.148,38.24 2 1
github.com/ikshavaku/catalogue/store/postgres/repositories/service_repository.go:38.24,40.3 1 1
github.com/ikshavaku/catalogue/store/postgres/repositories/service_repository.go:41.2,46.16 3 1
github.com/ikshavaku/catalogue/store/postgres/repositories/service_repository.go:46.16,48.3 1 0
github.com/ikshavaku/catalogue/store/postgres/repositories/service_repository.go:49.2,52.14 3 1
github.com/ikshavaku/catalogue/store/postgres/repositories/service_repository.go:52.14,54.3 1 0
github.com/ikshavaku/catalogue/store/postgres/repositories/service_repository.go:55.2,65.16 5 1
github.com/ikshavaku/catalogue/store/postgres/repositories/service_repository.go:65.16,67.3 1 0
github.com/ikshavaku/catalogue/store/postgres/repositories/service_repository.go:68.2,69.25 2 1
github.com/ikshavaku/catalogue/store/postgres/repositories/service_repository.go:69.25,71.3 1 1
github.com/ikshavaku/catalogue/store/postgres/repositories/service_repository.go:72.2,79.8 2 1
github.com/ikshavaku/catalogue/store/postgres/repositories/service_repository.go:82.127,84.16 2 0
github.com/ikshavaku/catalogue/store/postgres/repositories/service_repository.go:84.16,87.3 2 0
github.com/ikshavaku/catalogue/store/postgres/repositories/service_repository.go:88.2,89.16 2 0
github.com/ikshavaku/catalogue/store/postgres/repositories/service_repository.go:89.16,91.3 1 0
github.com/ikshavaku/catalogue/store/postgres/repositories/service_repository.go:92.2,92.25 1 0
github.com/ikshavaku/catalogue/store/postgres/repositories/service_repository.go:95.157,97.16 2 0
github.com/ikshavaku/catalogue/store/postgres/repositories/service_repository.go:97.16,100.3 2 0
github.com/ikshavaku/catalogue/store/postgres/repositories/service_repository.go:101.2,102.16 2 0
github.com/ikshavaku/catalogue/store/postgres/repositories/service_repository.go:102.16,104.3 1 0
github.com/ikshavaku/catalogue/store/postgres/repositories/service_repository.go:105.2,106.24 2 0
github.com/ikshavaku/catalogue/store/postgres/repositories/service_repository.go:106.24,108.3 1 0
github.com/ikshavaku/catalogue/store/postgres/repositories/service_repository.go:109.2,109.18 1 0
github.com/ikshavaku/catalogue/tests/helpers.go:13.42,17.2 3 1
github.com/ikshavaku/catalogue/tests/helpers.go:19.101,22.26 3 1
github.com/ikshavaku/catalogue/tests/helpers.go:23.14,24.18 1 0
github.com/ikshavaku/catalogue/tests/helpers.go:25.14,26.26 1 0
github.com/ikshavaku/catalogue/tests/helpers.go:27.10,28.40 1 1
github.com/ikshavaku/catalogue/tests/helpers.go:31.2,31.16 1 1
github.com/ikshavaku/catalogue/tests/helpers.go:31.16,33.3 1 0
github.com/ikshavaku/catalogue/tests/helpers.go:34.2,35.16 2 1
github.com/ikshavaku/catalogue/tests/helpers.go:35.16,37.3 1 0
github.com/ikshavaku/catalogue/tests/helpers.go:38.2,39.32 2 1
github.com/ikshavaku/catalogue/tests/helpers.go:39.32,41.3 1 0
github.com/ikshavaku/catalogue/tests/helpers.go:42.2,42.21 1 1
github.com/ikshavaku/catalogue/tests/helpers.go:45.57,47.2 1 1
github.com/ikshavaku/catalogue/tests/integration/fixtures.go:22.62,27.16 2 1
github.com/ikshavaku/catalogue/tests/integration/fixtures.go:27.16,29.3 1 0
github.com/ikshavaku/catalogue/tests/integration/fixtures.go:30.2,30.16 1 1
github.com/ikshavaku/catalogue/tests/integration/fixtures.go:33.47,35.64 2 1
github.com/ikshavaku/catalogue/tests/integration/fixtures.go:35.64,36.28 1 0
github.com/ikshavaku/catalogue/tests/integration/fixtures.go:38.2,40.99 3 1
github.com/ikshavaku/catalogue/tests/integration/fixtures.go:40.99,41.67 1 0
github.com/ikshavaku/catalogue/tests/integration/fixtures.go:45.2,45.17 1 1
github.com/ikshavaku/catalogue/tests/integration/fixtures.go:45.17,48.17 3 1
github.com/ikshavaku/catalogue/tests/integration/fixtures.go:48.17,50.4 1 0
github.com/ikshavaku/catalogue/tests/integration/fixtures.go:53.2,54.16 2 1
github.com/ikshavaku/catalogue/tests/integration/fixtures.go:54.16,56.3 1 0
github.com/ikshavaku/catalogue/tests/integration/fixtures.go:57.2,69.16 6 1
github.com/ikshavaku/catalogue/tests/integration/fixtures.go:69.16,72.3 2 0
github.com/ikshavaku/catalogue/tests/integration/fixtures.go:75.2,75.40 1 1
github.com/ikshavaku/catalogue/tests/integration/fixtures.go:75.40,77.3 1 0
github.com/ikshavaku/catalogue/tests/integration/fixtures.go:78.2,78.48 1 1
github.com/ikshavaku/catalogue/tests/integration/setup_test_suite.go:29.44,44.2 14 1
github.com/ikshavaku/catalogue/tests/integration/setup_test_suite.go:46.118,53.2 4 1
github.com/ikshavaku/catalogue/tests/integration/setup_test_suite.go:55.57,58.2 2 1
github.com/ikshavaku/catalogue/tests/integration/test_service_api.go:9.70,18.2 8 1
github.com/ikshavaku/catalogue/utils/config.go:33.25,35.23 2 1
github.com/ikshavaku/catalogue/utils/config.go:35.23,37.3 1 1
github.com/ikshavaku/catalogue/utils/config.go:38.2,38.12 1 1
github.com/ikshavaku/catalogue/utils/config.go:41.31,43.2 1 1
github.com/ikshavaku/catalogue/utils/config.go:45.61,47.2 1 1
github.com/ikshavaku/catalogue/utils/gin.go:25.27,27.2 1 1
github.com/ikshavaku/catalogue/utils/gin.go:30.79,33.2 2 0
github.com/ikshavaku/catalogue/utils/gin.go:36.96,39.2 2 0
github.com/ikshavaku/catalogue/utils/gin.go:42.98,46.2 3 0
github.com/ikshavaku/catalogue/utils/gin.go:48.82,51.2 2 0
github.com/ikshavaku/catalogue/utils/gin.go:52.81,55.2 2 1
github.com/ikshavaku/catalogue/utils/gin.go:58.51,62.33 3 1
github.com/ikshavaku/catalogue/utils/gin.go:62.33,64.3 1 0
github.com/ikshavaku/catalogue/utils/gin.go:64.8,66.3 1 1
github.com/ikshavaku/catalogue/utils/gin.go:68.2,71.30 3 1
github.com/ikshavaku/catalogue/utils/gin.go:71.30,73.3 1 0
github.com/ikshavaku/catalogue/utils/gin.go:74.2,74.15 1 1
github.com/ikshavaku/catalogue/utils/gin.go:78.70,85.2 2 1
github.com/ikshavaku/catalogue/utils/gin.go:88.44,90.2 1 1
github.com/ikshavaku/catalogue/utils/gin.go:92.29,94.2 1 0
github.com/ikshavaku/catalogue/utils/gin.go:96.87,97.30 1 0
github.com/ikshavaku/catalogue/utils/gin.go:97.30,100.3 2 0
github.com/ikshavaku/catalogue/utils/gin.go:103.45,105.2 1 0
github.com/ikshavaku/catalogue/utils/gin.go:107.62,111.46 1 1
github.com/ikshavaku/catalogue/utils/gin.go:111.46,114.3 2 0
github.com/ikshavaku/catalogue/utils/gin.go:117.2,117.45 1 1
github.com/ikshavaku/catalogue/utils/gin.go:117.45,120.3 2 0
github.com/ikshavaku/catalogue/utils/gin.go:123.2,123.43 1 1
github.com/ikshavaku/catalogue/utils/gin.go:123.43,126.3 2 0
github.com/ikshavaku/catalogue/utils/gin.go:132.2,132.79 1 1
github.com/ikshavaku/catalogue/utils/gin.go:132.79,133.59 1 0
github.com/ikshavaku/catalogue/utils/gin.go:133.59,138.4 3 0
github.com/ikshavaku/catalogue/utils/gin.go:141.2,142.53 2 1
github.com/ikshavaku/catalogue/utils/gin.go:142.53,145.3 2 0
github.com/ikshavaku/catalogue/utils/gin.go:146.2,146.12 1 1
github.com/ikshavaku/catalogue/utils/gin.go:154.48,155.26 1 1
github.com/ikshavaku/catalogue/utils/gin.go:155.26,158.3 2 1
github.com/ikshavaku/catalogue/utils/gin.go:159.2,159.25 1 1
github.com/ikshavaku/catalogue/utils/gin.go:165.64,169.27 2 1
github.com/ikshavaku/catalogue/utils/gin.go:169.27,170.47 1 1
github.com/ikshavaku/catalogue/utils/gin.go:170.47,172.4 1 1
github.com/ikshavaku/catalogue/utils/gin.go:174.2,174.19 1 0
